C_CUSTKEY,C_NAME,C_ADDRESS,C_CITY,C_NATION,C_REGION,C_PHONE,C_MKTSEGMENT
203,Customer#000000203,ZL9FxQJrF4aIDo,ARGENTINA8,ARGENTINA,AMERICA,11-563-614-7615,MACHINERY
204,Customer#000000204,U6TxYh,FRANCE   7,FRANCE,EUROPE,16-837-482-3566,BUILDING
205,Customer#000000205,Ic7aplPrDJMpexX1fi,JAPAN    2,JAPAN,ASIA,22-437-131-9769,BUILDING