id,title,name,remark,id_color,title_color,name_color,remark_color
1,10,张三,asd,FFC6EFCE,FFFFC7CE,FFFFEB9C,FFF2F2F2
2,9,李四,asd,FFC6EFCE,FFFFC7CE,FFFFEB9C,FFF2F2F2
3,8,王二麻子,asd,FFC6EFCE,FFFFC7CE,FFFFEB9C,FFF2F2F2
4,7,张三,asd,FFC6EFCE,FFFFC7CE,FFFFEB9C,FFF2F2F2
5,6,李四,asd,FFC6EFCE,FFFFC7CE,FFFFEB9C,FFF2F2F2
6,5,王二麻子,asd,FFC6EFCE,FFFFC7CE,FFFFEB9C,FFF2F2F2
7,4,张三,asd,FFC6EFCE,FFFFC7CE,FFFFEB9C,FFF2F2F2
8,3,李四,asd,FFC6EFCE,FFFFC7CE,FFFFEB9C,FFF2F2F2
9,2,王二麻子,asd,FFC6EFCE,FFFFC7CE,FFFFEB9C,FFF2F2F2
10,1,张三,asd,FFC6EFCE,FFFFC7CE,FFFFEB9C,FFF2F2F2
11,0,李四,asd,FFC6EFCE,FFFFC7CE,FFFFEB9C,FFF2F2F2
12,-1,王二麻子,asd,FFC6EFCE,FFFFC7CE,FFFFEB9C,FFF2F2F2
13,-2,张三,asd,FFC6EFCE,FFFFC7CE,FFFFEB9C,FFF2F2F2
14,-3,李四,asd,FFC6EFCE,FFFFC7CE,FFFFEB9C,FFF2F2F2