"columnName","ordinalPosition","dataType","dataLength","max","min","maximumLength","minimumLength","mean","standardDeviation","standardError","nullValueRatio","blankValueRatio","nonNullCount","uniqueValueRatio","primaryKeyCandidate","median","mode"
"C_CUSTKEY","1","integer","4","300.0","1.0","","","150.5","86.75","5.01","0.0","0.0","300","1.0","1","150.0",""
"C_NAME","2","string","18","Customer#000000300","Customer#000000001","18","18","","","","0.0","0.0","300","1.0","1","0.0",""
"C_ADDRESS","3","string","24","zwrDoaY2gxCk"," 6I1TTaoG7bbiogC","24","6","","","","0.0","0.0","300","1.0","1","0.0",""
"C_CITY","4","string","10","VIETNAM  9","ALGERIA  1","10","10","","","","0.0","0.0","300","0.56","0","0.0","JAPAN    2"
"C_NATION","5","string","14","VIETNAM","ALGERIA","14","4","","","","0.0","0.0","300","0.0833","0","0.0",""
"C_REGION","6","string","11","MIDDLE EAST","AFRICA","11","4","","","","0.0","0.0","300","0.0167","0","0.0","ASIA"
"C_PHONE","7","string","15","34-700-976-1809","10-172-710-1650","15","15","","","","0.0","0.0","300","1.0","1","0.0",""
"C_MKTSEGMENT","8","string","10","MACHINERY","AUTOMOBILE","10","8","","","","0.0","0.0","300","0.0167","0","0.0","AUTOMOBILE"